python : INFO:groq_cl
ient:GroqClient 
initialized with mode
l=llama3-70b-8192, 
max_concurrent=3
At line:1 char:145
+ ... 
v:PYTHONPATH="."; 
python test_agents_di
rect.py > 
test_output.txt 2>&1
+                    
   ~~~~~~~~~~~~~~~~~~
~~~~~~~~~~~~~~~~~~~~~
~~~~~~~~~~~~
    + CategoryInfo   
           : NotSpe  
  cified: (INFO:gr   
 oq_clien...ax_co    
ncurrent=3:Strin    
g) [], RemoteExc    
eption
    + FullyQualified 
   ErrorId : Native  
  CommandError
 
INFO:services.file_ma
nager:FileManager 
using workspace: C:\U
sers\bisht\autonomous
-coding-partner\backe
nd\workspace
Traceback (most 
recent call last):
  File "C:\Users\bish
t\autonomous-coding-p
artner\backend\test_a
gents_direct.py", 
line 37, in <module>
    
asyncio.run(main())
    
~~~~~~~~~~~^^^^^^^^
  File "C:\Python313\
Lib\asyncio\runners.p
y", line 195, in run
    return 
runner.run(main)
           
~~~~~~~~~~^^^^^^
  File "C:\Python313\
Lib\asyncio\runners.p
y", line 118, in run
    return self._loop
.run_until_complete(t
ask)
           ~~~~~~~~~~
~~~~~~~~~~~~~~~~~~~^^
^^^^
  File "C:\Python313\
Lib\asyncio\base_even
ts.py", line 725, in 
run_until_complete
    return 
future.result()
           
~~~~~~~~~~~~~^^
  File "C:\Users\bish
t\autonomous-coding-p
artner\backend\test_a
gents_direct.py", 
line 10, in main
    
print("\U0001f680 
Starting direct 
agent test...")
    ~~~~~^^^^^^^^^^^^
^^^^^^^^^^^^^^^^^^^^^
^^^
  File "C:\Python313\
Lib\encodings\cp1252.
py", line 19, in 
encode
    return codecs.cha
rmap_encode(input,sel
f.errors,encoding_tab
le)[0]
           ~~~~~~~~~~
~~~~~~~~~~~^^^^^^^^^^
^^^^^^^^^^^^^^^^^^^^^
^^^
UnicodeEncodeError: 
'charmap' codec 
can't encode 
character 
'\U0001f680' in 
position 0: 
character maps to 
<undefined>
